Enter world size: Enter rule: Enter how many generations: Invalid number of generations
