Enter world size: Enter rule: Enter how many generations: 
0	..............................#.............................
1	#############################...############################
